// Jest Snapshot v1, https://goo.gl/fbAQLP

exports[`Icon 是个 Icon 1`] = `
<svg
  className="Xui-icon"
>
  <use
    xlinkHref="#wechat"
  />
</svg>
`;
