// Jest Snapshot v1, https://goo.gl/fbAQLP

exports[`Button Button 1`] = `
<button
  className="Xui-button ripple ghost"
/>
`;
